// Jest Snapshot v1, https://goo.gl/fbAQLP

exports[`<PosterItem /> matches with snapshot 1`] = `
<body>
  <div>
    <li
      class="sc-bdfBwQ ePVCOg"
    >
      <div
        class="sc-iBPRYJ lnwElP"
      >
        <button
          class="sc-crrsfI ePUZyD"
        >
          <span
            class="sc-jrAGrp cfcVgL"
          />
          <span
            class="sc-jrAGrp cfcVgL"
          />
          <span
            class="sc-jrAGrp cfcVgL"
          />
        </button>
      </div>
      <a
        class="sc-gsTCUz gQBoKs"
        href="/film/337167"
      >
        <img
          alt="Fifty Shades Freed"
          class="sc-jSgupP kXnpOr"
          src="https://image.tmdb.org/t/p/w500/sM33SANp9z6rXW8Itn7NnG1GOEs.jpg"
        />
        <div
          class="sc-dlfnbm JyjYC"
        >
          <h2
            class="sc-hKgILt fWOfIJ"
          >
            Fifty Shades Freed
          </h2>
          <span
            class="sc-eCssSg eOokgS"
          >
            2016-02-11
          </span>
        </div>
        <p
          class="sc-gKsewC goRkFa"
        >
          Animation
          Adventure
          Family
          Comedy
        </p>
      </a>
    </li>
  </div>
</body>
`;
